[dotenv@17.3.1] injecting env (17) from .env -- tip: ΓÜÖ∩╕Å  load multiple .env files with { path: ['.env.local', '.env'] }
--- Post Details ---
ID: 91
Caption: 


Platforms: ["Instagram"]
Image Path: https://powpkqqtxxczxghyhgii.supabase.co/storage/v1/object/public/posts/1772476077434_logo.png
[WhatsApp] Initializing client...
[WhatsApp] No system Chromium found, using Puppeteer bundled browser.

--- Starting Publish Process ---
[Storage] Using direct URL: https://powpkqqtxxczxghyhgii.supabase.co/storage/v1/object/public/posts/1772476077434_logo.png
[Instagram Graph API] Preparing to publish to Account ID: 17841480497844117...
[Instagram Graph API] Image URL for Meta Servers: https://powpkqqtxxczxghyhgii.supabase.co/storage/v1/object/public/posts/1772476077434_logo.png
Database updated: Status set to Failed
